2026-09-29 10:49:58,939 | ros2 node list | OK | 0.32s | 23B out
2026-09-29 10:49:59,259 | ros2 topic list -t | OK | 0.32s | 133B out
2026-09-29 10:49:59,543 | ros2 node list | OK | 0.28s | 23B out
2026-09-29 10:49:59,835 | ros2 topic list -t | OK | 0.29s | 133B out
2026-09-29 10:50:00,144 | ros2 node info /inspector_demo_talker | OK | 0.31s | 870B out
2026-09-29 10:50:00,441 | ros2 topic info -v /inspector_demo/chatter | OK | 0.29s | 519B out
2026-09-29 10:50:02,439 | ros2 topic echo /inspector_demo/chatter | RC=-9 | 2.00s | 60B out
2026-09-29 10:50:05,458 | ros2 topic hz /inspector_demo/chatter | TIMEOUT | 3.02s | 73B out
2026-09-29 10:50:11,429 | ros2 param list /inspector_demo_talker | OK | 5.97s | 163B out
2026-09-29 10:50:11,663 | ros2 interface show std_msgs/msg/String | OK | 0.23s | 263B out
2026-09-29 10:50:11,945 | ros2 daemon status | OK | 0.28s | 22B out
2026-09-29 10:50:36,976 | ros2 doctor --report | TIMEOUT | 25.03s | 0B out
2026-09-29 10:50:37,282 | ros2 action info /a | OK | 0.30s | 47B out
2026-09-29 10:52:59,791 | ros2 node list | OK | 0.28s | 23B out
2026-09-29 10:53:00,064 | ros2 topic list -t | OK | 0.27s | 133B out
2026-09-29 10:53:00,350 | ros2 node list | OK | 0.28s | 23B out
2026-09-29 10:53:00,671 | ros2 topic list -t | OK | 0.32s | 133B out
2026-09-29 10:53:00,958 | ros2 node info /inspector_demo_talker | OK | 0.29s | 870B out
2026-09-29 10:53:01,251 | ros2 topic info -v /inspector_demo/chatter | OK | 0.29s | 519B out
2026-09-29 10:53:03,550 | ros2 topic echo /inspector_demo/chatter | RC=-9 | 2.29s | 60B out
2026-09-29 10:53:06,564 | ros2 topic hz /inspector_demo/chatter | TIMEOUT | 3.01s | 0B out
2026-09-29 10:53:12,524 | ros2 param list /inspector_demo_talker | OK | 5.95s | 163B out
2026-09-29 10:53:12,740 | ros2 interface show std_msgs/msg/String | OK | 0.21s | 263B out
2026-09-29 10:53:13,027 | ros2 daemon status | OK | 0.28s | 22B out
2026-09-29 10:53:31,038 | ros2 doctor | OK | 18.01s | 22B out
2026-09-29 10:53:31,343 | ros2 action info /a | OK | 0.29s | 47B out
2026-09-29 11:30:41,777 | ros2 node list | OK | 0.31s | 0B out
2026-09-29 11:30:42,062 | ros2 topic list -t | OK | 0.28s | 87B out
2026-09-29 11:30:42,347 | ros2 node list | OK | 0.28s | 0B out
2026-09-29 11:30:42,633 | ros2 topic list -t | OK | 0.28s | 87B out
2026-09-29 11:30:42,906 | ros2 topic info -v /chatter | RC=1 | 0.27s | 0B out
2026-09-29 11:30:43,197 | ros2 topic echo /chatter | RC=1 | 0.29s | 112B out
2026-09-29 11:30:46,211 | ros2 topic hz /chatter | TIMEOUT | 3.01s | 62B out
2026-09-29 11:30:46,540 | ros2 param list /inspector_demo_talker | RC=1 | 0.32s | 0B out
2026-09-29 11:30:46,786 | ros2 interface show std_msgs/msg/String | OK | 0.24s | 263B out
2026-09-29 11:30:47,105 | ros2 daemon status | OK | 0.32s | 22B out
2026-09-29 11:31:17,128 | ros2 doctor | TIMEOUT | 30.02s | 0B out
2026-09-29 11:31:17,420 | ros2 action info /a | OK | 0.29s | 47B out
